=============================
Run 1 times in WORLDS 0 to 1
With RVIZ False
Record into CSV file: kul.csv
2 runs takes 91.64 s
Or 1.53 minutes or 0.0255 hours


